// Jest Snapshot v1, https://goo.gl/fbAQLP

exports[`Home page matches snapshot 1`] = `
<DocumentFragment>
  <div
    class="MuiBox-root css-i9gxme"
  >
    <header
      class="MuiPaper-root MuiPaper-elevation MuiPaper-elevation4 MuiAppBar-root MuiAppBar-colorPrimary MuiAppBar-positionStatic css-hip9hq-MuiPaper-root-MuiAppBar-root"
    >
      <div
        class="MuiToolbar-root MuiToolbar-gutters MuiToolbar-regular css-1t29gy6-MuiToolbar-root"
      >
        <div
          class="MuiAvatar-root MuiAvatar-circular css-1fqoqdp-MuiAvatar-root"
        >
          <img
            alt="logo"
            class="MuiAvatar-img css-1pqm26d-MuiAvatar-img"
            src="images/logo.svg"
          />
        </div>
        <div
          class="MuiTypography-root MuiTypography-h6 css-1juivf6-MuiTypography-root"
        >
          Nokogiri
        </div>
      </div>
    </header>
  </div>
</DocumentFragment>
`;
